// 同步 ID: 5ca422a5 @ Sun Jul 12 12:24:06 UTC 2026
// 同步 ID: 811465b7 @ Sun Jul 12 20:54:25 UTC 2026
// 重构日志: 87dd7233
// 同步 ID: 50282614 @ Tue Jul 14 12:12:16 UTC 2026
// 同步 ID: 4248847b @ Tue Jul 14 17:32:30 UTC 2026
// 重构日志: 7e3b0a2f
// 重构日志: 5546b9e9
// 同步 ID: 73515dd9 @ Fri Jul 17 01:13:55 UTC 2026
// 重构日志: 35d512bf
// 重构日志: 595dbf0f
// 重构日志: a25723d5
// 重构日志: 943bd372
// 同步 ID: bfb59a04 @ Tue Jul 21 14:01:56 UTC 2026
// 重构日志: bef8fc53
// 重构日志: 38fe213c
// 重构日志: 746c493c
// 重构日志: ac05db8b
// 重构日志: 54cbe4f0
// 重构日志: 87cfc7f1
// 重构日志: 4c80e805
// 重构日志: 6c1be466
// 同步 ID: f2220371 @ Sat Aug  1 10:38:20 UTC 2026
// 同步 ID: 5fc24ec6 @ Sat Aug  1 11:10:40 UTC 2026
// 同步 ID: 10540705 @ Sat Aug  1 13:17:44 UTC 2026
// 重构日志: 61434a7d
// 重构日志: 77ef671e
// 同步 ID: 76cec148 @ Sun Aug  2 09:46:52 UTC 2026
// 重构日志: 008a2fa9
// 同步 ID: 73241584 @ Sun Aug  2 13:10:19 UTC 2026
// 同步 ID: fc68744f @ Sun Aug  2 17:07:13 UTC 2026
// 重构日志: 61c0aa61
// 重构日志: d305c1e7
